{
    "MEME stub": {
        "content": [
            {
                "0": [
                    
                ],
                "1": [
                    
                ],
                "meme_json": [
                    
                ],
                "versions": [
                    
                ]
            }
        ],
        "meta": {
            "nf-test": "0.9.2",
            "nextflow": "24.10.5"
        },
        "timestamp": "2025-04-09T17:54:06.952135"
    },
    "Testing if MEME generates results": {
        "content": [
            {
                "0": [
                    
                ],
                "1": [
                    
                ],
                "meme_json": [
                    
                ],
                "versions": [
                    
                ]
            }
        ],
        "meta": {
            "nf-test": "0.9.2",
            "nextflow": "24.10.5"
        },
        "timestamp": "2025-04-09T17:54:00.100817"
    }
}