{
    "Testing if FEL generates results": {
        "content": [
            {
                "0": [
                    [
                        {
                            "id": "FBgn0000055_NT_033779.5_10_species_12_seqs-nodups"
                        },
                        "FBgn0000055_NT_033779.5_10_species_12_seqs-nodups.FEL.json:md5,0ed1847df6908e641423f7a86bafec8a"
                    ]
                ],
                "1": [
                    "versions.yml:md5,2adac70703abfb8a7d42bc97da59a1c4"
                ],
                "fel_json": [
                    [
                        {
                            "id": "FBgn0000055_NT_033779.5_10_species_12_seqs-nodups"
                        },
                        "FBgn0000055_NT_033779.5_10_species_12_seqs-nodups.FEL.json:md5,0ed1847df6908e641423f7a86bafec8a"
                    ]
                ],
                "versions": [
                    "versions.yml:md5,2adac70703abfb8a7d42bc97da59a1c4"
                ]
            }
        ],
        "meta": {
            "nf-test": "0.9.2",
            "nextflow": "24.10.5"
        },
        "timestamp": "2025-04-09T17:43:14.694728"
    },
    "FEL stub": {
        "content": [
            {
                "0": [
                    [
                        {
                            "id": "FBgn0000055_NT_033779.5_10_species_12_seqs-nodups"
                        },
                        "FBgn0000055_NT_033779.5_10_species_12_seqs-nodups.FEL.json:md5,d41d8cd98f00b204e9800998ecf8427e"
                    ]
                ],
                "1": [
                    "versions.yml:md5,2adac70703abfb8a7d42bc97da59a1c4"
                ],
                "fel_json": [
                    [
                        {
                            "id": "FBgn0000055_NT_033779.5_10_species_12_seqs-nodups"
                        },
                        "FBgn0000055_NT_033779.5_10_species_12_seqs-nodups.FEL.json:md5,d41d8cd98f00b204e9800998ecf8427e"
                    ]
                ],
                "versions": [
                    "versions.yml:md5,2adac70703abfb8a7d42bc97da59a1c4"
                ]
            }
        ],
        "meta": {
            "nf-test": "0.9.2",
            "nextflow": "24.10.5"
        },
        "timestamp": "2025-04-09T17:43:17.509"
    }
}