{
    "denv1 - fasta - stub": {
        "content": [
            {
                "0": [
                    [
                        "DENV1_50seqs",
                        "DENV1_50seqs-clean.fasta:md5,d41d8cd98f00b204e9800998ecf8427e"
                    ]
                ],
                "1": [
                    "versions.yml:md5,43ad60638e5e0294ed566e998a4e1e45"
                ],
                "no_ambigs": [
                    [
                        "DENV1_50seqs",
                        "DENV1_50seqs-clean.fasta:md5,d41d8cd98f00b204e9800998ecf8427e"
                    ]
                ],
                "versions": [
                    "versions.yml:md5,43ad60638e5e0294ed566e998a4e1e45"
                ]
            }
        ],
        "meta": {
            "nf-test": "0.9.2",
            "nextflow": "25.04.6"
        },
        "timestamp": "2025-08-05T14:59:07.287541"
    },
    "denv1 - fasta": {
        "content": [
            {
                "0": [
                    [
                        "DENV1_50seqs",
                        "DENV1_50seqs-clean.fasta:md5,13c2cf7dc9f53ad21a5441837a884115"
                    ]
                ],
                "1": [
                    "versions.yml:md5,43ad60638e5e0294ed566e998a4e1e45"
                ],
                "no_ambigs": [
                    [
                        "DENV1_50seqs",
                        "DENV1_50seqs-clean.fasta:md5,13c2cf7dc9f53ad21a5441837a884115"
                    ]
                ],
                "versions": [
                    "versions.yml:md5,43ad60638e5e0294ed566e998a4e1e45"
                ]
            }
        ],
        "meta": {
            "nf-test": "0.9.2",
            "nextflow": "25.04.6"
        },
        "timestamp": "2025-08-05T14:59:04.546259"
    }
}