{
    "P_aeruginosa_cds_short.fasta - 10 CDS - stub": {
        "content": [
            {
                "0": [
                    [
                        "gene1.fasta:md5,d41d8cd98f00b204e9800998ecf8427e",
                        "gene2.fasta:md5,d41d8cd98f00b204e9800998ecf8427e",
                        "gene3.fasta:md5,d41d8cd98f00b204e9800998ecf8427e"
                    ]
                ],
                "1": [
                    "versions.yml:md5,0c69e4a41152a1dd801ed714c76ea774"
                ],
                "gene_fastas": [
                    [
                        "gene1.fasta:md5,d41d8cd98f00b204e9800998ecf8427e",
                        "gene2.fasta:md5,d41d8cd98f00b204e9800998ecf8427e",
                        "gene3.fasta:md5,d41d8cd98f00b204e9800998ecf8427e"
                    ]
                ],
                "versions": [
                    "versions.yml:md5,0c69e4a41152a1dd801ed714c76ea774"
                ]
            }
        ],
        "meta": {
            "nf-test": "0.9.2",
            "nextflow": "25.04.2"
        },
        "timestamp": "2025-05-30T16:34:03.009205"
    },
    "P_aeruginosa_cds_short.fasta - 10 CDS": {
        "content": [
            {
                "0": [
                    [
                        "P_aeruginosa_cds_short.part_lcl__NC_002516.2_cds_NP_064721.1_1.fasta:md5,971163dbc09689d426a1428f3e515930",
                        "P_aeruginosa_cds_short.part_lcl__NC_002516.2_cds_NP_064722.1_2.fasta:md5,ef20b5ab8ee8c1174ab642869de2c269",
                        "P_aeruginosa_cds_short.part_lcl__NC_002516.2_cds_NP_064723.1_3.fasta:md5,487ba4d3d95d2d1e0407b8c6bcfc02a0",
                        "P_aeruginosa_cds_short.part_lcl__NC_002516.2_cds_NP_064724.1_4.fasta:md5,c6078ae46d64b6ea895dce0b80fbc6d2",
                        "P_aeruginosa_cds_short.part_lcl__NC_002516.2_cds_NP_064725.1_5.fasta:md5,6b39f58b203123e5ae38f0d940f93d0b",
                        "P_aeruginosa_cds_short.part_lcl__NC_002516.2_cds_NP_064726.1_6.fasta:md5,1dcb52fbfc3e771d11d6b94d3bdfb279",
                        "P_aeruginosa_cds_short.part_lcl__NC_002516.2_cds_NP_064727.1_7.fasta:md5,12cb74aec7a682a91db5eae90c301e84",
                        "P_aeruginosa_cds_short.part_lcl__NC_002516.2_cds_NP_064728.1_8.fasta:md5,727f6c4283f8d2773436b3be9e839bdb",
                        "P_aeruginosa_cds_short.part_lcl__NC_002516.2_cds_NP_064729.1_9.fasta:md5,47cb2090eec6bbb17970dfa407c8ab50",
                        "P_aeruginosa_cds_short.part_lcl__NC_002516.2_cds_NP_248700.1_10.fasta:md5,41ba4a5ccf9ce5d2d6d44ad703278aa8"
                    ]
                ],
                "1": [
                    "versions.yml:md5,0c69e4a41152a1dd801ed714c76ea774"
                ],
                "gene_fastas": [
                    [
                        "P_aeruginosa_cds_short.part_lcl__NC_002516.2_cds_NP_064721.1_1.fasta:md5,971163dbc09689d426a1428f3e515930",
                        "P_aeruginosa_cds_short.part_lcl__NC_002516.2_cds_NP_064722.1_2.fasta:md5,ef20b5ab8ee8c1174ab642869de2c269",
                        "P_aeruginosa_cds_short.part_lcl__NC_002516.2_cds_NP_064723.1_3.fasta:md5,487ba4d3d95d2d1e0407b8c6bcfc02a0",
                        "P_aeruginosa_cds_short.part_lcl__NC_002516.2_cds_NP_064724.1_4.fasta:md5,c6078ae46d64b6ea895dce0b80fbc6d2",
                        "P_aeruginosa_cds_short.part_lcl__NC_002516.2_cds_NP_064725.1_5.fasta:md5,6b39f58b203123e5ae38f0d940f93d0b",
                        "P_aeruginosa_cds_short.part_lcl__NC_002516.2_cds_NP_064726.1_6.fasta:md5,1dcb52fbfc3e771d11d6b94d3bdfb279",
                        "P_aeruginosa_cds_short.part_lcl__NC_002516.2_cds_NP_064727.1_7.fasta:md5,12cb74aec7a682a91db5eae90c301e84",
                        "P_aeruginosa_cds_short.part_lcl__NC_002516.2_cds_NP_064728.1_8.fasta:md5,727f6c4283f8d2773436b3be9e839bdb",
                        "P_aeruginosa_cds_short.part_lcl__NC_002516.2_cds_NP_064729.1_9.fasta:md5,47cb2090eec6bbb17970dfa407c8ab50",
                        "P_aeruginosa_cds_short.part_lcl__NC_002516.2_cds_NP_248700.1_10.fasta:md5,41ba4a5ccf9ce5d2d6d44ad703278aa8"
                    ]
                ],
                "versions": [
                    "versions.yml:md5,0c69e4a41152a1dd801ed714c76ea774"
                ]
            }
        ],
        "meta": {
            "nf-test": "0.9.2",
            "nextflow": "25.04.2"
        },
        "timestamp": "2025-05-30T16:34:00.281691"
    }
}