{
    "setoxin - bootstrap": {
        "content": [
            [
                "#nexus",
                "",
                "BEGIN Taxa;",
                "DIMENSIONS ntax=5;",
                "TAXLABELS",
                "[1] '1apf'",
                "[2] '1ahl'",
                "[3] '1atx'",
                "[4] '1sh1'",
                "[5] '1bds'",
                ";",
                "END; [Taxa]",
                ""
            ],
            "5",
            "IQ-TREE 2.4.0 built Feb 12 2025",
            "IQ-TREE multicore version 2.4.0 for MacOS ARM 64-bit built Feb 12 2025",
            [
                "versions.yml:md5,e7cd33418cd75cafb5b8eeb03d681f63"
            ]
        ],
        "meta": {
            "nf-test": "0.9.2",
            "nextflow": "25.04.6"
        },
        "timestamp": "2025-08-05T15:09:13.19827"
    },
    "setoxin - treels": {
        "content": [
            "5",
            "IQ-TREE 2.4.0 built Feb 12 2025",
            "IQ-TREE multicore version 2.4.0 for MacOS ARM 64-bit built Feb 12 2025",
            [
                "versions.yml:md5,e7cd33418cd75cafb5b8eeb03d681f63"
            ]
        ],
        "meta": {
            "nf-test": "0.9.2",
            "nextflow": "25.04.6"
        },
        "timestamp": "2025-08-05T15:08:52.606702"
    },
    "stub": {
        "content": [
            {
                "0": [
                    [
                        {
                            "id": "test"
                        },
                        "[id:test].treefile:md5,d41d8cd98f00b204e9800998ecf8427e"
                    ]
                ],
                "1": [
                    [
                        {
                            "id": "test"
                        },
                        "[id:test].iqtree:md5,d41d8cd98f00b204e9800998ecf8427e"
                    ]
                ],
                "10": [
                    [
                        {
                            "id": "test"
                        },
                        [
                            "GTRPMIX.nex:md5,d41d8cd98f00b204e9800998ecf8427e",
                            "[id:test].nex:md5,d41d8cd98f00b204e9800998ecf8427e"
                        ]
                    ]
                ],
                "11": [
                    [
                        {
                            "id": "test"
                        },
                        "[id:test].splits:md5,d41d8cd98f00b204e9800998ecf8427e"
                    ]
                ],
                "12": [
                    [
                        {
                            "id": "test"
                        },
                        "[id:test].suptree:md5,d41d8cd98f00b204e9800998ecf8427e"
                    ]
                ],
                "13": [
                    [
                        {
                            "id": "test"
                        },
                        "[id:test].alninfo:md5,d41d8cd98f00b204e9800998ecf8427e"
                    ]
                ],
                "14": [
                    [
                        {
                            "id": "test"
                        },
                        "[id:test].partlh:md5,d41d8cd98f00b204e9800998ecf8427e"
                    ]
                ],
                "15": [
                    [
                        {
                            "id": "test"
                        },
                        "[id:test].siteprob:md5,d41d8cd98f00b204e9800998ecf8427e"
                    ]
                ],
                "16": [
                    [
                        {
                            "id": "test"
                        },
                        "[id:test].sitelh:md5,d41d8cd98f00b204e9800998ecf8427e"
                    ]
                ],
                "17": [
                    [
                        {
                            "id": "test"
                        },
                        "[id:test].treels:md5,d41d8cd98f00b204e9800998ecf8427e"
                    ]
                ],
                "18": [
                    
                ],
                "19": [
                    [
                        {
                            "id": "test"
                        },
                        "[id:test].mlrate:md5,d41d8cd98f00b204e9800998ecf8427e"
                    ]
                ],
                "2": [
                    [
                        {
                            "id": "test"
                        },
                        "[id:test].mldist:md5,d41d8cd98f00b204e9800998ecf8427e"
                    ]
                ],
                "20": [
                    [
                        {
                            "id": "test"
                        },
                        "GTRPMIX.nex:md5,d41d8cd98f00b204e9800998ecf8427e"
                    ]
                ],
                "21": [
                    [
                        {
                            "id": "test"
                        },
                        "[id:test].log:md5,d41d8cd98f00b204e9800998ecf8427e"
                    ]
                ],
                "22": [
                    "versions.yml:md5,e7cd33418cd75cafb5b8eeb03d681f63"
                ],
                "3": [
                    [
                        {
                            "id": "test"
                        },
                        "[id:test].lmap.svg:md5,d41d8cd98f00b204e9800998ecf8427e"
                    ]
                ],
                "4": [
                    [
                        {
                            "id": "test"
                        },
                        "[id:test].lmap.eps:md5,d41d8cd98f00b204e9800998ecf8427e"
                    ]
                ],
                "5": [
                    [
                        {
                            "id": "test"
                        },
                        "[id:test].lmap.quartetlh:md5,d41d8cd98f00b204e9800998ecf8427e"
                    ]
                ],
                "6": [
                    [
                        {
                            "id": "test"
                        },
                        "[id:test].sitefreq:md5,d41d8cd98f00b204e9800998ecf8427e"
                    ]
                ],
                "7": [
                    [
                        {
                            "id": "test"
                        },
                        "[id:test].ufboot:md5,d41d8cd98f00b204e9800998ecf8427e"
                    ]
                ],
                "8": [
                    [
                        {
                            "id": "test"
                        },
                        "[id:test].state:md5,d41d8cd98f00b204e9800998ecf8427e"
                    ]
                ],
                "9": [
                    [
                        {
                            "id": "test"
                        },
                        "[id:test].contree:md5,d41d8cd98f00b204e9800998ecf8427e"
                    ]
                ],
                "alninfo": [
                    [
                        {
                            "id": "test"
                        },
                        "[id:test].alninfo:md5,d41d8cd98f00b204e9800998ecf8427e"
                    ]
                ],
                "bootstrap": [
                    [
                        {
                            "id": "test"
                        },
                        "[id:test].ufboot:md5,d41d8cd98f00b204e9800998ecf8427e"
                    ]
                ],
                "contree": [
                    [
                        {
                            "id": "test"
                        },
                        "[id:test].contree:md5,d41d8cd98f00b204e9800998ecf8427e"
                    ]
                ],
                "exch_matrix": [
                    [
                        {
                            "id": "test"
                        },
                        "GTRPMIX.nex:md5,d41d8cd98f00b204e9800998ecf8427e"
                    ]
                ],
                "lmap_eps": [
                    [
                        {
                            "id": "test"
                        },
                        "[id:test].lmap.eps:md5,d41d8cd98f00b204e9800998ecf8427e"
                    ]
                ],
                "lmap_quartetlh": [
                    [
                        {
                            "id": "test"
                        },
                        "[id:test].lmap.quartetlh:md5,d41d8cd98f00b204e9800998ecf8427e"
                    ]
                ],
                "lmap_svg": [
                    [
                        {
                            "id": "test"
                        },
                        "[id:test].lmap.svg:md5,d41d8cd98f00b204e9800998ecf8427e"
                    ]
                ],
                "log": [
                    [
                        {
                            "id": "test"
                        },
                        "[id:test].log:md5,d41d8cd98f00b204e9800998ecf8427e"
                    ]
                ],
                "mldist": [
                    [
                        {
                            "id": "test"
                        },
                        "[id:test].mldist:md5,d41d8cd98f00b204e9800998ecf8427e"
                    ]
                ],
                "mlrate": [
                    [
                        {
                            "id": "test"
                        },
                        "[id:test].mlrate:md5,d41d8cd98f00b204e9800998ecf8427e"
                    ]
                ],
                "nex": [
                    [
                        {
                            "id": "test"
                        },
                        [
                            "GTRPMIX.nex:md5,d41d8cd98f00b204e9800998ecf8427e",
                            "[id:test].nex:md5,d41d8cd98f00b204e9800998ecf8427e"
                        ]
                    ]
                ],
                "partlh": [
                    [
                        {
                            "id": "test"
                        },
                        "[id:test].partlh:md5,d41d8cd98f00b204e9800998ecf8427e"
                    ]
                ],
                "phylogeny": [
                    [
                        {
                            "id": "test"
                        },
                        "[id:test].treefile:md5,d41d8cd98f00b204e9800998ecf8427e"
                    ]
                ],
                "rate": [
                    
                ],
                "report": [
                    [
                        {
                            "id": "test"
                        },
                        "[id:test].iqtree:md5,d41d8cd98f00b204e9800998ecf8427e"
                    ]
                ],
                "sitefreq_out": [
                    [
                        {
                            "id": "test"
                        },
                        "[id:test].sitefreq:md5,d41d8cd98f00b204e9800998ecf8427e"
                    ]
                ],
                "sitelh": [
                    [
                        {
                            "id": "test"
                        },
                        "[id:test].sitelh:md5,d41d8cd98f00b204e9800998ecf8427e"
                    ]
                ],
                "siteprob": [
                    [
                        {
                            "id": "test"
                        },
                        "[id:test].siteprob:md5,d41d8cd98f00b204e9800998ecf8427e"
                    ]
                ],
                "splits": [
                    [
                        {
                            "id": "test"
                        },
                        "[id:test].splits:md5,d41d8cd98f00b204e9800998ecf8427e"
                    ]
                ],
                "state": [
                    [
                        {
                            "id": "test"
                        },
                        "[id:test].state:md5,d41d8cd98f00b204e9800998ecf8427e"
                    ]
                ],
                "suptree": [
                    [
                        {
                            "id": "test"
                        },
                        "[id:test].suptree:md5,d41d8cd98f00b204e9800998ecf8427e"
                    ]
                ],
                "treels": [
                    [
                        {
                            "id": "test"
                        },
                        "[id:test].treels:md5,d41d8cd98f00b204e9800998ecf8427e"
                    ]
                ],
                "versions": [
                    "versions.yml:md5,e7cd33418cd75cafb5b8eeb03d681f63"
                ]
            }
        ],
        "meta": {
            "nf-test": "0.9.2",
            "nextflow": "25.04.6"
        },
        "timestamp": "2025-08-05T15:09:16.171841"
    }
}