{
    "BUSTED stub": {
        "content": [
            {
                "0": [
                    
                ],
                "1": [
                    
                ],
                "busted_json": [
                    
                ],
                "versions": [
                    
                ]
            }
        ],
        "meta": {
            "nf-test": "0.9.2",
            "nextflow": "24.10.5"
        },
        "timestamp": "2025-04-10T13:11:40.365783"
    },
    "Testing if BUSTED generates results": {
        "content": [
            {
                "0": [
                    
                ],
                "1": [
                    
                ],
                "busted_json": [
                    
                ],
                "versions": [
                    
                ]
            }
        ],
        "meta": {
            "nf-test": "0.9.2",
            "nextflow": "24.10.5"
        },
        "timestamp": "2025-04-10T13:10:32.70166"
    }
}