{
    "hyphy_cln - stub": {
        "content": [
            {
                "0": [
                    [
                        "DENV1_7seqs_withDups",
                        "DENV1_7seqs_withDups-nodups.fasta:md5,d41d8cd98f00b204e9800998ecf8427e"
                    ]
                ],
                "1": [
                    "versions.yml:md5,2155ca5c3c81158d47c742298b599dfe"
                ],
                "deduplicated_seqs": [
                    [
                        "DENV1_7seqs_withDups",
                        "DENV1_7seqs_withDups-nodups.fasta:md5,d41d8cd98f00b204e9800998ecf8427e"
                    ]
                ],
                "versions": [
                    "versions.yml:md5,2155ca5c3c81158d47c742298b599dfe"
                ]
            }
        ],
        "meta": {
            "nf-test": "0.9.3",
            "nextflow": "25.10.2"
        },
        "timestamp": "2026-01-15T14:10:07.700452"
    },
    "denv1 - fasta": {
        "content": [
            {
                "0": [
                    [
                        "DENV1_7seqs_withDups",
                        "DENV1_7seqs_withDups-nodups.fasta:md5,1bc45847b7f2e810a11e32f42b4a53e2"
                    ]
                ],
                "1": [
                    "versions.yml:md5,2155ca5c3c81158d47c742298b599dfe"
                ],
                "deduplicated_seqs": [
                    [
                        "DENV1_7seqs_withDups",
                        "DENV1_7seqs_withDups-nodups.fasta:md5,1bc45847b7f2e810a11e32f42b4a53e2"
                    ]
                ],
                "versions": [
                    "versions.yml:md5,2155ca5c3c81158d47c742298b599dfe"
                ]
            }
        ],
        "meta": {
            "nf-test": "0.9.3",
            "nextflow": "25.10.2"
        },
        "timestamp": "2026-01-15T14:09:53.250299"
    }
}